{
    "Params: snapaligner | generate snapaligner index": {
        "content": [
            [
                "Genome",
                "GenomeIndex",
                "GenomeIndexHash",
                "OverflowTable"
            ],
            [
                {
                    "FASTA_INDEX_DNA:SNAP_INDEX": {
                        "snapaligner": "2.0.3."
                    }
                }
            ]
        ],
        "meta": {
            "nf-test": "0.9.2",
            "nextflow": "25.04.6"
        },
        "timestamp": "2025-08-27T16:35:31.24373846"
    }
}