{
    "proteomics - preliminary analysis - stub": {
        "content": [
            {
                "0": [
                    [
                        {
                            "id": "test",
                            "precursormasstolerance": "20",
                            "fragmentmasstolerance": "20",
                            "precursormasstoleranceunit": "ppm",
                            "fragmentmasstoleranceunit": "ppm"
                        },
                        "peakpicker_tutorial_1.quant:md5,d41d8cd98f00b204e9800998ecf8427e"
                    ]
                ],
                "1": [
                    [
                        {
                            "id": "test",
                            "precursormasstolerance": "20",
                            "fragmentmasstolerance": "20",
                            "precursormasstoleranceunit": "ppm",
                            "fragmentmasstoleranceunit": "ppm"
                        },
                        "peakpicker_tutorial_1_diann.log:md5,d41d8cd98f00b204e9800998ecf8427e"
                    ]
                ],
                "2": [
                    "versions.yml:md5,97f6ef15723946b0ef56bcbc8762fe1c"
                ],
                "diann_quant": [
                    [
                        {
                            "id": "test",
                            "precursormasstolerance": "20",
                            "fragmentmasstolerance": "20",
                            "precursormasstoleranceunit": "ppm",
                            "fragmentmasstoleranceunit": "ppm"
                        },
                        "peakpicker_tutorial_1.quant:md5,d41d8cd98f00b204e9800998ecf8427e"
                    ]
                ],
                "log": [
                    [
                        {
                            "id": "test",
                            "precursormasstolerance": "20",
                            "fragmentmasstolerance": "20",
                            "precursormasstoleranceunit": "ppm",
                            "fragmentmasstoleranceunit": "ppm"
                        },
                        "peakpicker_tutorial_1_diann.log:md5,d41d8cd98f00b204e9800998ecf8427e"
                    ]
                ],
                "versions": [
                    "versions.yml:md5,97f6ef15723946b0ef56bcbc8762fe1c"
                ]
            }
        ],
        "meta": {
            "nf-test": "0.9.2",
            "nextflow": "25.04.6"
        },
        "timestamp": "2025-09-24T13:46:59.149221"
    },
    "proteomics - preliminary analysis": {
        "content": [
            [
                [
                    {
                        "id": "test",
                        "precursormasstolerance": "20",
                        "fragmentmasstolerance": "20",
                        "precursormasstoleranceunit": "ppm",
                        "fragmentmasstoleranceunit": "ppm"
                    },
                    "peakpicker_tutorial_1_mzML.quant:md5,24b3cf360ef26805299bc80051e42ff2"
                ]
            ],
            [
                "versions.yml:md5,97f6ef15723946b0ef56bcbc8762fe1c"
            ]
        ],
        "meta": {
            "nf-test": "0.9.2",
            "nextflow": "25.04.6"
        },
        "timestamp": "2025-09-24T13:49:12.996339"
    }
}