{
    "sarscov2 - stub": {
        "content": [
            {
                "0": [
                    [
                        {
                            "id": "test"
                        },
                        "test.[]:md5,d41d8cd98f00b204e9800998ecf8427e"
                    ]
                ],
                "1": [
                    "versions.yml:md5,1b47585c2aa870d7ffad63209dfe6d2b"
                ],
                "coverage_plot": [
                    [
                        {
                            "id": "test"
                        },
                        "test.[]:md5,d41d8cd98f00b204e9800998ecf8427e"
                    ]
                ],
                "versions": [
                    "versions.yml:md5,1b47585c2aa870d7ffad63209dfe6d2b"
                ]
            }
        ],
        "meta": {
            "nf-test": "0.9.2",
            "nextflow": "24.10.5"
        },
        "timestamp": "2025-04-07T11:20:28.928329396"
    },
    "sarscov2 - bam": {
        "content": [
            [
                "versions.yml:md5,1b47585c2aa870d7ffad63209dfe6d2b"
            ],
            "test.png"
        ],
        "meta": {
            "nf-test": "0.9.0",
            "nextflow": "24.04.4"
        },
        "timestamp": "2024-09-02T14:10:58.359505"
    }
}