{
    "BAM - stub": {
        "content": [
            {
                "0": [
                    [
                        {
                            "id": "test",
                            "single_end": false
                        },
                        "test.flagstat:md5,67394650dbae96d1a4fcc70484822159"
                    ]
                ],
                "1": [
                    "versions.yml:md5,108a155f2d4a99f50bf3176904208d27"
                ],
                "flagstat": [
                    [
                        {
                            "id": "test",
                            "single_end": false
                        },
                        "test.flagstat:md5,67394650dbae96d1a4fcc70484822159"
                    ]
                ],
                "versions": [
                    "versions.yml:md5,108a155f2d4a99f50bf3176904208d27"
                ]
            }
        ],
        "meta": {
            "nf-test": "0.9.2",
            "nextflow": "25.04.6"
        },
        "timestamp": "2025-09-15T12:54:32.53971"
    },
    "BAM": {
        "content": [
            {
                "0": [
                    [
                        {
                            "id": "test",
                            "single_end": false
                        },
                        "test.flagstat:md5,4f7ffd1e6a5e85524d443209ac97d783"
                    ]
                ],
                "1": [
                    "versions.yml:md5,108a155f2d4a99f50bf3176904208d27"
                ],
                "flagstat": [
                    [
                        {
                            "id": "test",
                            "single_end": false
                        },
                        "test.flagstat:md5,4f7ffd1e6a5e85524d443209ac97d783"
                    ]
                ],
                "versions": [
                    "versions.yml:md5,108a155f2d4a99f50bf3176904208d27"
                ]
            }
        ],
        "meta": {
            "nf-test": "0.9.2",
            "nextflow": "25.04.6"
        },
        "timestamp": "2025-09-15T12:54:29.17429"
    }
}