{
    "proteomics - individual analysis": {
        "content": [
            [
                [
                    {
                        "id": "test"
                    },
                    "peakpicker_tutorial_1_mzML.quant:md5,20f8e7c64fcd264389b97799039c28de"
                ]
            ],
            [
                "versions.yml:md5,0fbc3a5aa136989fe74c1182e93f4776"
            ]
        ],
        "meta": {
            "nf-test": "0.9.2",
            "nextflow": "25.04.6"
        },
        "timestamp": "2025-09-24T14:44:05.043322"
    },
    "proteomics - individual analysis - stub": {
        "content": [
            {
                "0": [
                    [
                        {
                            "id": "test"
                        },
                        "peakpicker_tutorial_1.quant:md5,d41d8cd98f00b204e9800998ecf8427e"
                    ]
                ],
                "1": [
                    [
                        {
                            "id": "test"
                        },
                        "peakpicker_tutorial_1_final_diann.log:md5,d41d8cd98f00b204e9800998ecf8427e"
                    ]
                ],
                "2": [
                    "versions.yml:md5,0fbc3a5aa136989fe74c1182e93f4776"
                ],
                "diann_quant": [
                    [
                        {
                            "id": "test"
                        },
                        "peakpicker_tutorial_1.quant:md5,d41d8cd98f00b204e9800998ecf8427e"
                    ]
                ],
                "log": [
                    [
                        {
                            "id": "test"
                        },
                        "peakpicker_tutorial_1_final_diann.log:md5,d41d8cd98f00b204e9800998ecf8427e"
                    ]
                ],
                "versions": [
                    "versions.yml:md5,0fbc3a5aa136989fe74c1182e93f4776"
                ]
            }
        ],
        "meta": {
            "nf-test": "0.9.2",
            "nextflow": "25.04.6"
        },
        "timestamp": "2025-09-24T14:44:10.02119"
    }
}