{
    "10xgenomics vdj - fastqs - stub": {
        "content": [
            [
                "versions.yml:md5,6e7142daa5212cb45dbee665f713f700"
            ]
        ],
        "meta": {
            "nf-test": "0.9.2",
            "nextflow": "25.04.3"
        },
        "timestamp": "2025-07-09T09:44:14.489185"
    },
    "10xgenomics vdj - fastq": {
        "content": [
            [
                [
                    {
                        "id": "test"
                    },
                    "test.clones.tsv:md5,bdf3ad0dfd9b3fee124bfa80e268e534"
                ]
            ],
            [
                [
                    {
                        "id": "test"
                    },
                    "test.extended.vdjca:md5,5ac4a6d182ab48c670154fbbc656c364"
                ]
            ],
            [
                [
                    {
                        "id": "test"
                    },
                    "test.contigs.clns:md5,ffb386656fc9d45f396ea8cd30e1dfef"
                ]
            ],
            [
                "versions.yml:md5,6e7142daa5212cb45dbee665f713f700"
            ],
            {
                "MIXCR_ANALYZE": {
                    "mixcr": "4.7.0"
                }
            }
        ],
        "meta": {
            "nf-test": "0.9.2",
            "nextflow": "25.04.3"
        },
        "timestamp": "2025-07-09T09:51:02.542818"
    }
}