{
    "Refine bins from TSV contig2bin tables": {
        "content": [
            [
                [
                    {
                        "id": "test"
                    },
                    "bin_3.fa:md5,2d036a992d3eb45d43fb1b17d9eb70e5"
                ]
            ],
            [
                [
                    {
                        "id": "test"
                    },
                    "test_final_bins_quality_reports.tsv:md5,29492f81a69b23e5d9aa261058552bdf"
                ]
            ],
            [
                "versions.yml:md5,a733c14a8248c5bd038523fd1a5ebc10"
            ],
            {
                "BINETTE": {
                    "binette": "1.1.2"
                }
            }
        ],
        "meta": {
            "nf-test": "0.9.0",
            "nextflow": "25.04.1"
        },
        "timestamp": "2025-09-05T12:59:47.731509"
    },
    "test_binette - stub": {
        "content": [
            [
                [
                    {
                        "id": "test"
                    },
                    "bin_b.fasta:md5,d41d8cd98f00b204e9800998ecf8427e"
                ]
            ],
            [
                [
                    {
                        "id": "test"
                    },
                    "test_final_bins_quality_reports.tsv:md5,d41d8cd98f00b204e9800998ecf8427e"
                ]
            ],
            [
                "versions.yml:md5,a733c14a8248c5bd038523fd1a5ebc10"
            ],
            {
                "BINETTE": {
                    "binette": "1.1.2"
                }
            }
        ],
        "meta": {
            "nf-test": "0.9.0",
            "nextflow": "25.04.1"
        },
        "timestamp": "2025-09-05T12:59:57.305202"
    },
    "Refine bins from FASTA input directories": {
        "content": [
            [
                [
                    {
                        "id": "test"
                    },
                    "bin_3.fa:md5,2d036a992d3eb45d43fb1b17d9eb70e5"
                ]
            ],
            [
                [
                    {
                        "id": "test"
                    },
                    "test_final_bins_quality_reports.tsv:md5,29492f81a69b23e5d9aa261058552bdf"
                ]
            ],
            [
                "versions.yml:md5,a733c14a8248c5bd038523fd1a5ebc10"
            ],
            {
                "BINETTE": {
                    "binette": "1.1.2"
                }
            }
        ],
        "meta": {
            "nf-test": "0.9.0",
            "nextflow": "25.04.1"
        },
        "timestamp": "2025-09-05T12:59:25.446307"
    }
}