{
    "test-eido-convert-nextflow-samplesheet": {
        "content": [
            {
                "0": [
                    
                ],
                "1": [
                    
                ],
                "samplesheet_converted": [
                    
                ],
                "versions": [
                    
                ]
            }
        ],
        "meta": {
            "nf-test": "0.9.3",
            "nextflow": "25.04.8"
        },
        "timestamp": "2025-10-21T12:39:58.928026252"
    },
    "test-eido-convert-pep-project": {
        "content": [
            {
                "0": [
                    
                ],
                "1": [
                    
                ],
                "samplesheet_converted": [
                    
                ],
                "versions": [
                    
                ]
            }
        ],
        "meta": {
            "nf-test": "0.9.3",
            "nextflow": "25.04.8"
        },
        "timestamp": "2025-10-21T12:40:03.681436769"
    },
    "test-eido-convert-pep-project-stub": {
        "content": [
            {
                "0": [
                    
                ],
                "1": [
                    
                ],
                "samplesheet_converted": [
                    
                ],
                "versions": [
                    
                ]
            }
        ],
        "meta": {
            "nf-test": "0.9.3",
            "nextflow": "25.04.8"
        },
        "timestamp": "2025-10-21T12:40:08.325021635"
    }
}