{
    "test_bam_stats_samtools_paired_end - stub": {
        "content": [
            {
                "0": [
                    [
                        {
                            "id": "test",
                            "single_end": true
                        },
                        "test.stats:md5,d41d8cd98f00b204e9800998ecf8427e"
                    ]
                ],
                "1": [
                    [
                        {
                            "id": "test",
                            "single_end": true
                        },
                        "test.flagstat:md5,67394650dbae96d1a4fcc70484822159"
                    ]
                ],
                "2": [
                    [
                        {
                            "id": "test",
                            "single_end": true
                        },
                        "test.idxstats:md5,d41d8cd98f00b204e9800998ecf8427e"
                    ]
                ],
                "3": [
                    "versions.yml:md5,73c55059ed478cd2f9cd93dd3185da3a",
                    "versions.yml:md5,80d8653e01575b3c381d87073f672fb5",
                    "versions.yml:md5,cb889532237a2f3d813978ac14a12d51"
                ],
                "flagstat": [
                    [
                        {
                            "id": "test",
                            "single_end": true
                        },
                        "test.flagstat:md5,67394650dbae96d1a4fcc70484822159"
                    ]
                ],
                "idxstats": [
                    [
                        {
                            "id": "test",
                            "single_end": true
                        },
                        "test.idxstats:md5,d41d8cd98f00b204e9800998ecf8427e"
                    ]
                ],
                "stats": [
                    [
                        {
                            "id": "test",
                            "single_end": true
                        },
                        "test.stats:md5,d41d8cd98f00b204e9800998ecf8427e"
                    ]
                ],
                "versions": [
                    "versions.yml:md5,73c55059ed478cd2f9cd93dd3185da3a",
                    "versions.yml:md5,80d8653e01575b3c381d87073f672fb5",
                    "versions.yml:md5,cb889532237a2f3d813978ac14a12d51"
                ]
            }
        ],
        "meta": {
            "nf-test": "0.9.2",
            "nextflow": "25.04.6"
        },
        "timestamp": "2025-09-15T14:49:52.73628"
    },
    "test_bam_stats_samtools_single_end - stub": {
        "content": [
            {
                "0": [
                    [
                        {
                            "id": "test",
                            "single_end": true
                        },
                        "test.stats:md5,d41d8cd98f00b204e9800998ecf8427e"
                    ]
                ],
                "1": [
                    [
                        {
                            "id": "test",
                            "single_end": true
                        },
                        "test.flagstat:md5,67394650dbae96d1a4fcc70484822159"
                    ]
                ],
                "2": [
                    [
                        {
                            "id": "test",
                            "single_end": true
                        },
                        "test.idxstats:md5,d41d8cd98f00b204e9800998ecf8427e"
                    ]
                ],
                "3": [
                    "versions.yml:md5,73c55059ed478cd2f9cd93dd3185da3a",
                    "versions.yml:md5,80d8653e01575b3c381d87073f672fb5",
                    "versions.yml:md5,cb889532237a2f3d813978ac14a12d51"
                ],
                "flagstat": [
                    [
                        {
                            "id": "test",
                            "single_end": true
                        },
                        "test.flagstat:md5,67394650dbae96d1a4fcc70484822159"
                    ]
                ],
                "idxstats": [
                    [
                        {
                            "id": "test",
                            "single_end": true
                        },
                        "test.idxstats:md5,d41d8cd98f00b204e9800998ecf8427e"
                    ]
                ],
                "stats": [
                    [
                        {
                            "id": "test",
                            "single_end": true
                        },
                        "test.stats:md5,d41d8cd98f00b204e9800998ecf8427e"
                    ]
                ],
                "versions": [
                    "versions.yml:md5,73c55059ed478cd2f9cd93dd3185da3a",
                    "versions.yml:md5,80d8653e01575b3c381d87073f672fb5",
                    "versions.yml:md5,cb889532237a2f3d813978ac14a12d51"
                ]
            }
        ],
        "meta": {
            "nf-test": "0.9.2",
            "nextflow": "25.04.6"
        },
        "timestamp": "2025-09-15T14:49:48.060593"
    },
    "test_bam_stats_samtools_paired_end_cram - stub": {
        "content": [
            {
                "0": [
                    [
                        {
                            "id": "test",
                            "single_end": false
                        },
                        "test.stats:md5,d41d8cd98f00b204e9800998ecf8427e"
                    ]
                ],
                "1": [
                    [
                        {
                            "id": "test",
                            "single_end": false
                        },
                        "test.flagstat:md5,67394650dbae96d1a4fcc70484822159"
                    ]
                ],
                "2": [
                    [
                        {
                            "id": "test",
                            "single_end": false
                        },
                        "test.idxstats:md5,d41d8cd98f00b204e9800998ecf8427e"
                    ]
                ],
                "3": [
                    "versions.yml:md5,73c55059ed478cd2f9cd93dd3185da3a",
                    "versions.yml:md5,80d8653e01575b3c381d87073f672fb5",
                    "versions.yml:md5,cb889532237a2f3d813978ac14a12d51"
                ],
                "flagstat": [
                    [
                        {
                            "id": "test",
                            "single_end": false
                        },
                        "test.flagstat:md5,67394650dbae96d1a4fcc70484822159"
                    ]
                ],
                "idxstats": [
                    [
                        {
                            "id": "test",
                            "single_end": false
                        },
                        "test.idxstats:md5,d41d8cd98f00b204e9800998ecf8427e"
                    ]
                ],
                "stats": [
                    [
                        {
                            "id": "test",
                            "single_end": false
                        },
                        "test.stats:md5,d41d8cd98f00b204e9800998ecf8427e"
                    ]
                ],
                "versions": [
                    "versions.yml:md5,73c55059ed478cd2f9cd93dd3185da3a",
                    "versions.yml:md5,80d8653e01575b3c381d87073f672fb5",
                    "versions.yml:md5,cb889532237a2f3d813978ac14a12d51"
                ]
            }
        ],
        "meta": {
            "nf-test": "0.9.2",
            "nextflow": "25.04.6"
        },
        "timestamp": "2025-09-15T14:49:57.143558"
    },
    "test_bam_stats_samtools_single_end": {
        "content": [
            [
                [
                    {
                        "id": "test",
                        "single_end": true
                    },
                    "test.flagstat:md5,2191911d72575a2358b08b1df64ccb53"
                ]
            ],
            [
                [
                    {
                        "id": "test",
                        "single_end": true
                    },
                    "test.idxstats:md5,613e048487662c694aa4a2f73ca96a20"
                ]
            ],
            [
                [
                    {
                        "id": "test",
                        "single_end": true
                    },
                    "test.stats:md5,291bb2393ec947140d12d42c2795b222"
                ]
            ],
            [
                "versions.yml:md5,73c55059ed478cd2f9cd93dd3185da3a",
                "versions.yml:md5,80d8653e01575b3c381d87073f672fb5",
                "versions.yml:md5,cb889532237a2f3d813978ac14a12d51"
            ]
        ],
        "meta": {
            "nf-test": "0.9.2",
            "nextflow": "25.04.6"
        },
        "timestamp": "2025-09-15T14:49:33.937623"
    },
    "test_bam_stats_samtools_paired_end": {
        "content": [
            [
                [
                    {
                        "id": "test",
                        "single_end": true
                    },
                    "test.flagstat:md5,4f7ffd1e6a5e85524d443209ac97d783"
                ]
            ],
            [
                [
                    {
                        "id": "test",
                        "single_end": true
                    },
                    "test.idxstats:md5,df60a8c8d6621100d05178c93fb053a2"
                ]
            ],
            [
                [
                    {
                        "id": "test",
                        "single_end": true
                    },
                    "test.stats:md5,8140d69cdedd77570ca1d7618a744e16"
                ]
            ],
            [
                "versions.yml:md5,73c55059ed478cd2f9cd93dd3185da3a",
                "versions.yml:md5,80d8653e01575b3c381d87073f672fb5",
                "versions.yml:md5,cb889532237a2f3d813978ac14a12d51"
            ]
        ],
        "meta": {
            "nf-test": "0.9.2",
            "nextflow": "25.04.6"
        },
        "timestamp": "2025-09-15T14:49:38.496445"
    },
    "test_bam_stats_samtools_paired_end_cram": {
        "content": [
            [
                [
                    {
                        "id": "test",
                        "single_end": false
                    },
                    "test.flagstat:md5,a53f3d26e2e9851f7d528442bbfe9781"
                ]
            ],
            [
                [
                    {
                        "id": "test",
                        "single_end": false
                    },
                    "test.idxstats:md5,e179601fa7b8ebce81ac3765206f6c15"
                ]
            ],
            [
                [
                    {
                        "id": "test",
                        "single_end": false
                    },
                    "test.stats:md5,1622856127bafd6cdbadee9cd64ec9b7"
                ]
            ],
            [
                "versions.yml:md5,73c55059ed478cd2f9cd93dd3185da3a",
                "versions.yml:md5,80d8653e01575b3c381d87073f672fb5",
                "versions.yml:md5,cb889532237a2f3d813978ac14a12d51"
            ]
        ],
        "meta": {
            "nf-test": "0.9.2",
            "nextflow": "25.04.6"
        },
        "timestamp": "2025-09-15T14:49:43.619131"
    }
}