{
    "proteomics - complete DIA analysis pipeline": {
        "content": [
            {
                "0": [
                    "versions.yml:md5,09671e41517507321e6a3ab23a0cba8c",
                    "versions.yml:md5,0f27dafee9ea195f650ef32bc7ebc1bf",
                    "versions.yml:md5,2a46f3682ee19424e3748d7c07441a43",
                    "versions.yml:md5,2fbe5633ec143cc91e561a71e518e215",
                    "versions.yml:md5,42e7160491dbc809b42e74b8463d5ab6",
                    "versions.yml:md5,7cf2be1e26fff72675a246f14bc25587",
                    "versions.yml:md5,d80935e37b02efe47c06e094129ebda6",
                    "versions.yml:md5,e117f39895139dfc170ac6e3e6c14006"
                ],
                "1": [
                    [
                        {
                            "id": "RD139_Narrow_UPS1_design_ecoli"
                        },
                        "diann_report.tsv:md5,babdc29c5b12a9c770582bb8f6854594"
                    ]
                ],
                "2": [
                    
                ],
                "3": [
                    [
                        {
                            "id": "test_sample",
                            "enzyme": "Trypsin",
                            "fixed_mods": "Carbamidomethyl (C)",
                            "variable_mods": "Oxidation (M)",
                            "precursor_tolerance": 20,
                            "fragment_tolerance": 20,
                            "precursor_tolerance_unit": "ppm",
                            "fragment_tolerance_unit": "ppm",
                            "dia_params": "20;ppm;20;ppm;Trypsin;Carbamidomethyl (C);Oxidation (M)",
                            "experiment": {
                                "id": "RD139_Narrow_UPS1_design_ecoli"
                            }
                        },
                        "RD139_Narrow_UPS1_0_1fmol_inj1_ms_info.parquet:md5,191d66aef1cbd0fc5e36884b24603561"
                    ]
                ],
                "4": [
                    [
                        {
                            "id": "RD139_Narrow_UPS1_design_ecoli",
                            "enzyme": "Trypsin",
                            "fixed_mods": "Carbamidomethyl (C)",
                            "variable_mods": "Oxidation (M)",
                            "precursor_tolerance": 20,
                            "fragment_tolerance": 20,
                            "precursor_tolerance_unit": "ppm",
                            "fragment_tolerance_unit": "ppm",
                            "dia_params": "20;ppm;20;ppm;Trypsin;Carbamidomethyl (C);Oxidation (M)",
                            "experiment": {
                                "id": "RD139_Narrow_UPS1_design_ecoli"
                            }
                        },
                        "RD139_Narrow_UPS1_design_msstats_in.csv:md5,d1f746a93e33dced338c28e1a4d08025"
                    ]
                ],
                "5": [
                    [
                        {
                            "id": "RD139_Narrow_UPS1_design_ecoli",
                            "enzyme": "Trypsin",
                            "fixed_mods": "Carbamidomethyl (C)",
                            "variable_mods": "Oxidation (M)",
                            "precursor_tolerance": 20,
                            "fragment_tolerance": 20,
                            "precursor_tolerance_unit": "ppm",
                            "fragment_tolerance_unit": "ppm",
                            "dia_params": "20;ppm;20;ppm;Trypsin;Carbamidomethyl (C);Oxidation (M)",
                            "experiment": {
                                "id": "RD139_Narrow_UPS1_design_ecoli"
                            }
                        },
                        "RD139_Narrow_UPS1_design_triqler_in.tsv:md5,934a1d1d25e839b89edf1140b7f77cef"
                    ]
                ],
                "6": [
                    [
                        {
                            "id": "RD139_Narrow_UPS1_design_ecoli",
                            "enzyme": "Trypsin",
                            "fixed_mods": "Carbamidomethyl (C)",
                            "variable_mods": "Oxidation (M)",
                            "precursor_tolerance": 20,
                            "fragment_tolerance": 20,
                            "precursor_tolerance_unit": "ppm",
                            "fragment_tolerance_unit": "ppm",
                            "dia_params": "20;ppm;20;ppm;Trypsin;Carbamidomethyl (C);Oxidation (M)",
                            "experiment": {
                                "id": "RD139_Narrow_UPS1_design_ecoli"
                            }
                        },
                        "RD139_Narrow_UPS1_design_out.mzTab:md5,eb442059e5391f252f680a7f713527bf"
                    ]
                ],
                "diann_report": [
                    [
                        {
                            "id": "RD139_Narrow_UPS1_design_ecoli"
                        },
                        "diann_report.tsv:md5,babdc29c5b12a9c770582bb8f6854594"
                    ]
                ],
                "diann_report_parquet": [
                    
                ],
                "final_result": [
                    [
                        {
                            "id": "RD139_Narrow_UPS1_design_ecoli",
                            "enzyme": "Trypsin",
                            "fixed_mods": "Carbamidomethyl (C)",
                            "variable_mods": "Oxidation (M)",
                            "precursor_tolerance": 20,
                            "fragment_tolerance": 20,
                            "precursor_tolerance_unit": "ppm",
                            "fragment_tolerance_unit": "ppm",
                            "dia_params": "20;ppm;20;ppm;Trypsin;Carbamidomethyl (C);Oxidation (M)",
                            "experiment": {
                                "id": "RD139_Narrow_UPS1_design_ecoli"
                            }
                        },
                        "RD139_Narrow_UPS1_design_out.mzTab:md5,eb442059e5391f252f680a7f713527bf"
                    ]
                ],
                "msstats_in": [
                    [
                        {
                            "id": "RD139_Narrow_UPS1_design_ecoli",
                            "enzyme": "Trypsin",
                            "fixed_mods": "Carbamidomethyl (C)",
                            "variable_mods": "Oxidation (M)",
                            "precursor_tolerance": 20,
                            "fragment_tolerance": 20,
                            "precursor_tolerance_unit": "ppm",
                            "fragment_tolerance_unit": "ppm",
                            "dia_params": "20;ppm;20;ppm;Trypsin;Carbamidomethyl (C);Oxidation (M)",
                            "experiment": {
                                "id": "RD139_Narrow_UPS1_design_ecoli"
                            }
                        },
                        "RD139_Narrow_UPS1_design_msstats_in.csv:md5,d1f746a93e33dced338c28e1a4d08025"
                    ]
                ],
                "mzml_statistics": [
                    [
                        {
                            "id": "test_sample",
                            "enzyme": "Trypsin",
                            "fixed_mods": "Carbamidomethyl (C)",
                            "variable_mods": "Oxidation (M)",
                            "precursor_tolerance": 20,
                            "fragment_tolerance": 20,
                            "precursor_tolerance_unit": "ppm",
                            "fragment_tolerance_unit": "ppm",
                            "dia_params": "20;ppm;20;ppm;Trypsin;Carbamidomethyl (C);Oxidation (M)",
                            "experiment": {
                                "id": "RD139_Narrow_UPS1_design_ecoli"
                            }
                        },
                        "RD139_Narrow_UPS1_0_1fmol_inj1_ms_info.parquet:md5,191d66aef1cbd0fc5e36884b24603561"
                    ]
                ],
                "out_triqler": [
                    [
                        {
                            "id": "RD139_Narrow_UPS1_design_ecoli",
                            "enzyme": "Trypsin",
                            "fixed_mods": "Carbamidomethyl (C)",
                            "variable_mods": "Oxidation (M)",
                            "precursor_tolerance": 20,
                            "fragment_tolerance": 20,
                            "precursor_tolerance_unit": "ppm",
                            "fragment_tolerance_unit": "ppm",
                            "dia_params": "20;ppm;20;ppm;Trypsin;Carbamidomethyl (C);Oxidation (M)",
                            "experiment": {
                                "id": "RD139_Narrow_UPS1_design_ecoli"
                            }
                        },
                        "RD139_Narrow_UPS1_design_triqler_in.tsv:md5,934a1d1d25e839b89edf1140b7f77cef"
                    ]
                ],
                "versions": [
                    "versions.yml:md5,09671e41517507321e6a3ab23a0cba8c",
                    "versions.yml:md5,0f27dafee9ea195f650ef32bc7ebc1bf",
                    "versions.yml:md5,2a46f3682ee19424e3748d7c07441a43",
                    "versions.yml:md5,2fbe5633ec143cc91e561a71e518e215",
                    "versions.yml:md5,42e7160491dbc809b42e74b8463d5ab6",
                    "versions.yml:md5,7cf2be1e26fff72675a246f14bc25587",
                    "versions.yml:md5,d80935e37b02efe47c06e094129ebda6",
                    "versions.yml:md5,e117f39895139dfc170ac6e3e6c14006"
                ]
            }
        ],
        "meta": {
            "nf-test": "0.9.2",
            "nextflow": "25.04.6"
        },
        "timestamp": "2025-10-06T10:09:58.747609"
    }
}