{
    "proteomics - assemble empirical library": {
        "content": [
            [
                [
                    {
                        "experiment_id": "test_exp"
                    },
                    "empirical_library.speclib:md5,bb01028baf4fd5be5f71d0238e6b7902"
                ]
            ],
            [
                "versions.yml:md5,8df80648eef272291b5ad162efcc95d4"
            ]
        ],
        "meta": {
            "nf-test": "0.9.2",
            "nextflow": "25.04.6"
        },
        "timestamp": "2025-09-24T14:34:04.930953"
    },
    "proteomics - assemble empirical library - stub": {
        "content": [
            {
                "0": [
                    [
                        {
                            "experiment_id": "test_exp"
                        },
                        "empirical_library.tsv:md5,d41d8cd98f00b204e9800998ecf8427e"
                    ]
                ],
                "1": [
                    [
                        {
                            "experiment_id": "test_exp"
                        },
                        "assemble_empirical_library.log:md5,d41d8cd98f00b204e9800998ecf8427e"
                    ]
                ],
                "2": [
                    "versions.yml:md5,8df80648eef272291b5ad162efcc95d4"
                ],
                "empirical_library": [
                    [
                        {
                            "experiment_id": "test_exp"
                        },
                        "empirical_library.tsv:md5,d41d8cd98f00b204e9800998ecf8427e"
                    ]
                ],
                "log": [
                    [
                        {
                            "experiment_id": "test_exp"
                        },
                        "assemble_empirical_library.log:md5,d41d8cd98f00b204e9800998ecf8427e"
                    ]
                ],
                "versions": [
                    "versions.yml:md5,8df80648eef272291b5ad162efcc95d4"
                ]
            }
        ],
        "meta": {
            "nf-test": "0.9.2",
            "nextflow": "25.04.6"
        },
        "timestamp": "2025-09-24T14:34:09.954123"
    }
}