{
    "proteomics - generate DIA-NN config": {
        "content": [
            {
                "0": [
                    [
                        {
                            "id": "test_exp"
                        },
                        "diann_config.cfg:md5,0d6e936c98e6e3cfad326be8c54a80c4"
                    ]
                ],
                "1": [
                    "GENERATE_DIANN_CFG.log:md5,23eb245baac51a239ce6cf022643a05b"
                ],
                "2": [
                    "versions.yml:md5,b4ffbe493e0f58a476654ec598ef4385"
                ],
                "diann_cfg": [
                    [
                        {
                            "id": "test_exp"
                        },
                        "diann_config.cfg:md5,0d6e936c98e6e3cfad326be8c54a80c4"
                    ]
                ],
                "log": [
                    "GENERATE_DIANN_CFG.log:md5,23eb245baac51a239ce6cf022643a05b"
                ],
                "versions": [
                    "versions.yml:md5,b4ffbe493e0f58a476654ec598ef4385"
                ]
            }
        ],
        "meta": {
            "nf-test": "0.9.2",
            "nextflow": "25.04.6"
        },
        "timestamp": "2025-10-06T12:20:39.51872"
    },
    "proteomics - generate DIA-NN config - stub": {
        "content": [
            {
                "0": [
                    [
                        {
                            "id": "test_exp"
                        },
                        "diann_config.cfg:md5,bb094d79a4014faab1368aab577a4ea0"
                    ]
                ],
                "1": [
                    "GENERATE_DIANN_CFG.log:md5,d41d8cd98f00b204e9800998ecf8427e"
                ],
                "2": [
                    "versions.yml:md5,b4ffbe493e0f58a476654ec598ef4385"
                ],
                "diann_cfg": [
                    [
                        {
                            "id": "test_exp"
                        },
                        "diann_config.cfg:md5,bb094d79a4014faab1368aab577a4ea0"
                    ]
                ],
                "log": [
                    "GENERATE_DIANN_CFG.log:md5,d41d8cd98f00b204e9800998ecf8427e"
                ],
                "versions": [
                    "versions.yml:md5,b4ffbe493e0f58a476654ec598ef4385"
                ]
            }
        ],
        "meta": {
            "nf-test": "0.9.2",
            "nextflow": "25.04.6"
        },
        "timestamp": "2025-10-06T12:20:45.611066"
    }
}