{
    "proteomics - final quantification": {
        "content": [
            [
                [
                    {
                        "experiment_id": "test_exp"
                    },
                    "diann_report.stats.tsv:md5,a960024b8ef9e23c8010bfcd93e6df5a"
                ]
            ],
            [
                [
                    {
                        "experiment_id": "test_exp"
                    },
                    "diann_report.pr_matrix.tsv:md5,27e4024c6ea63ae0d82aabf11a55e790"
                ]
            ],
            [
                [
                    {
                        "experiment_id": "test_exp"
                    },
                    "diann_report.pg_matrix.tsv:md5,858750282171ae4d6fe3c361b1b3e42e"
                ]
            ],
            [
                "versions.yml:md5,4054b1f3f2e35dce5ba5cf698f2b9ce5"
            ]
        ],
        "meta": {
            "nf-test": "0.9.2",
            "nextflow": "25.04.6"
        },
        "timestamp": "2025-09-24T14:50:29.686627"
    },
    "proteomics - final quantification - stub": {
        "content": [
            {
                "0": [
                    [
                        {
                            "experiment_id": "test_exp"
                        },
                        "diann_report.tsv:md5,d41d8cd98f00b204e9800998ecf8427e"
                    ]
                ],
                "1": [
                    [
                        {
                            "experiment_id": "test_exp"
                        },
                        "diann_report.parquet:md5,d41d8cd98f00b204e9800998ecf8427e"
                    ]
                ],
                "10": [
                    [
                        {
                            "experiment_id": "test_exp"
                        },
                        "empirical_library.tsv:md5,d41d8cd98f00b204e9800998ecf8427e"
                    ]
                ],
                "11": [
                    [
                        {
                            "experiment_id": "test_exp"
                        },
                        "empirical_library.tsv.skyline.speclib:md5,d41d8cd98f00b204e9800998ecf8427e"
                    ]
                ],
                "12": [
                    "versions.yml:md5,4054b1f3f2e35dce5ba5cf698f2b9ce5"
                ],
                "2": [
                    [
                        {
                            "experiment_id": "test_exp"
                        },
                        "diann_report.manifest.txt:md5,d41d8cd98f00b204e9800998ecf8427e"
                    ]
                ],
                "3": [
                    [
                        {
                            "experiment_id": "test_exp"
                        },
                        "diann_report.protein_description.tsv:md5,d41d8cd98f00b204e9800998ecf8427e"
                    ]
                ],
                "4": [
                    [
                        {
                            "experiment_id": "test_exp"
                        },
                        "diann_report.stats.tsv:md5,d41d8cd98f00b204e9800998ecf8427e"
                    ]
                ],
                "5": [
                    [
                        {
                            "experiment_id": "test_exp"
                        },
                        "diann_report.pr_matrix.tsv:md5,d41d8cd98f00b204e9800998ecf8427e"
                    ]
                ],
                "6": [
                    [
                        {
                            "experiment_id": "test_exp"
                        },
                        "diann_report.pg_matrix.tsv:md5,d41d8cd98f00b204e9800998ecf8427e"
                    ]
                ],
                "7": [
                    [
                        {
                            "experiment_id": "test_exp"
                        },
                        "diann_report.gg_matrix.tsv:md5,d41d8cd98f00b204e9800998ecf8427e"
                    ]
                ],
                "8": [
                    [
                        {
                            "experiment_id": "test_exp"
                        },
                        "diann_report.unique_genes_matrix.tsv:md5,d41d8cd98f00b204e9800998ecf8427e"
                    ]
                ],
                "9": [
                    [
                        {
                            "experiment_id": "test_exp"
                        },
                        "diannsummary.log:md5,d41d8cd98f00b204e9800998ecf8427e"
                    ]
                ],
                "final_speclib": [
                    [
                        {
                            "experiment_id": "test_exp"
                        },
                        "empirical_library.tsv:md5,d41d8cd98f00b204e9800998ecf8427e"
                    ]
                ],
                "gg_matrix": [
                    [
                        {
                            "experiment_id": "test_exp"
                        },
                        "diann_report.gg_matrix.tsv:md5,d41d8cd98f00b204e9800998ecf8427e"
                    ]
                ],
                "log": [
                    [
                        {
                            "experiment_id": "test_exp"
                        },
                        "diannsummary.log:md5,d41d8cd98f00b204e9800998ecf8427e"
                    ]
                ],
                "main_report": [
                    [
                        {
                            "experiment_id": "test_exp"
                        },
                        "diann_report.tsv:md5,d41d8cd98f00b204e9800998ecf8427e"
                    ]
                ],
                "pg_matrix": [
                    [
                        {
                            "experiment_id": "test_exp"
                        },
                        "diann_report.pg_matrix.tsv:md5,d41d8cd98f00b204e9800998ecf8427e"
                    ]
                ],
                "pr_matrix": [
                    [
                        {
                            "experiment_id": "test_exp"
                        },
                        "diann_report.pr_matrix.tsv:md5,d41d8cd98f00b204e9800998ecf8427e"
                    ]
                ],
                "protein_description": [
                    [
                        {
                            "experiment_id": "test_exp"
                        },
                        "diann_report.protein_description.tsv:md5,d41d8cd98f00b204e9800998ecf8427e"
                    ]
                ],
                "report_manifest": [
                    [
                        {
                            "experiment_id": "test_exp"
                        },
                        "diann_report.manifest.txt:md5,d41d8cd98f00b204e9800998ecf8427e"
                    ]
                ],
                "report_parquet": [
                    [
                        {
                            "experiment_id": "test_exp"
                        },
                        "diann_report.parquet:md5,d41d8cd98f00b204e9800998ecf8427e"
                    ]
                ],
                "report_stats": [
                    [
                        {
                            "experiment_id": "test_exp"
                        },
                        "diann_report.stats.tsv:md5,d41d8cd98f00b204e9800998ecf8427e"
                    ]
                ],
                "skyline_speclib": [
                    [
                        {
                            "experiment_id": "test_exp"
                        },
                        "empirical_library.tsv.skyline.speclib:md5,d41d8cd98f00b204e9800998ecf8427e"
                    ]
                ],
                "unique_gene_matrix": [
                    [
                        {
                            "experiment_id": "test_exp"
                        },
                        "diann_report.unique_genes_matrix.tsv:md5,d41d8cd98f00b204e9800998ecf8427e"
                    ]
                ],
                "versions": [
                    "versions.yml:md5,4054b1f3f2e35dce5ba5cf698f2b9ce5"
                ]
            }
        ],
        "meta": {
            "nf-test": "0.9.2",
            "nextflow": "25.04.6"
        },
        "timestamp": "2025-09-24T14:50:34.425042"
    }
}