[
    {
        "process": "QUANTMSUTILS_MZMLSTATISTICS",
        "status": "COMPLETED",
        "exit": 0,
        "submit": "2024-01-01T00:00:00.000Z",
        "start": "2024-01-01T00:00:00.000Z",
        "process": "2024-01-01T00:00:00.000Z",
        "tag": "test",
        "module": "quantmsutils/mzmlstatistics",
        "container": "biocontainers/quantms-utils:0.0.23--pyh7e72e81_0",
        "attempt": 1,
        "script": "quantmsutilsc mzmlstats --ms_path \"test.mzML\" \\\n    \\\n    \\\n     \\\n    2>&1 | tee test_mzml_statistics.log\n\ncat <<-END_VERSIONS > versions.yml\n\"QUANTMSUTILS_MZMLSTATISTICS\":\n    quantms-utils: $(pip show quantms-utils | grep \"Version\" | awk -F ': ' '{print $2}')\nEND_VERSIONS",
        "scratch": "/tmp",
        "workdir": "/tmp",
        "cpus": 1,
        "memory": "6.GB",
        "time": "4.h",
        "queue": "local",
        "pwd": "/tmp",
        "submit": "2024-01-01T00:00:00.000Z",
        "start": "2024-01-01T00:00:00.000Z",
        "process": "2024-01-01T00:00:00.000Z",
        "duration": "1s",
        "realtime": "1s",
        "queue": "local",
        "exit_status": 0,
        "module": "quantmsutils/mzmlstatistics",
        "container": "biocontainers/quantms-utils:0.0.23--pyh7e72e81_0",
        "attempt": 1,
        "script": "quantmsutilsc mzmlstats --ms_path \"test.mzML\" \\\n    \\\n    \\\n     \\\n    2>&1 | tee test_mzml_statistics.log\n\ncat <<-END_VERSIONS > versions.yml\n\"QUANTMSUTILS_MZMLSTATISTICS\":\n    quantms-utils: $(pip show quantms-utils | grep \"Version\" | awk -F ': ' '{print $2}')\nEND_VERSIONS",
        "scratch": "/tmp",
        "workdir": "/tmp",
        "cpus": 1,
        "memory": "6.GB",
        "time": "4.h",
        "queue": "local",
        "pwd": "/tmp",
        "submit": "2024-01-01T00:00:00.000Z",
        "start": "2024-01-01T00:00:00.000Z",
        "process": "2024-01-01T00:00:00.000Z",
        "duration": "1s",
        "realtime": "1s",
        "queue": "local",
        "exit_status": 0
    }
]
