[
    {
        "0": [
            "versions.yml:md5,2164617e154ea0ee042062991af6e2d7"
        ],
        "1": [
            [
                {
                    "experiment_id": "test_sample"
                },
                "test_sample_msstats_in.csv:md5,2164617e154ea0ee042062991af6e2d7"
            ]
        ],
        "2": [
            [
                {
                    "experiment_id": "test_sample"
                },
                "test_sample_triqler_in.tsv:md5,2164617e154ea0ee042062991af6e2d7"
            ]
        ],
        "3": [
            [
                {
                    "experiment_id": "test_sample"
                },
                "test_sample.mzTab:md5,2164617e154ea0ee042062991af6e2d7"
            ]
        ],
        "4": [
            [
                {
                    "experiment_id": "test_sample"
                },
                "convert_report.log:md5,2164617e154ea0ee042062991af6e2d7"
            ]
        ],
        "versions": [
            "versions.yml:md5,2164617e154ea0ee042062991af6e2d7"
        ]
    }
]
