[
    {
        "0": [
            "versions.yml:md5,2164617e154ea0ee042062991af6e2d7"
        ],
        "1": [
            [
                "test_sample_msstats_in.csv",
                "test_sample_msstats_in_msstats_results.csv:md5,2164617e154ea0ee042062991af6e2d7"
            ]
        ],
        "2": [
            [
                "test_sample_msstats_in.csv",
                "msstats.log:md5,2164617e154ea0ee042062991af6e2d7"
            ]
        ],
        "versions": [
            "versions.yml:md5,2164617e154ea0ee042062991af6e2d7"
        ]
    }
]
